###############################################################################
#
# IAR ELF Linker V8.40.1.212/W32 for ARM                  14/Dec/2019  15:52:25
# Copyright 2007-2019 IAR Systems AB.
#
#    Output file  =
#        C:\Users\jamis\Documents\STM32ProjectFolder\PWMDemo\EWARM\PWMDemo\Exe\PWMDemo.out
#    Map file     =
#        C:\Users\jamis\Documents\STM32ProjectFolder\PWMDemo\EWARM\PWMDemo\List\PWMDemo.map
#    Command line =
#        -f C:\Users\jamis\AppData\Local\Temp\EW89B.tmp
#        (C:\Users\jamis\Documents\STM32ProjectFolder\PWMDemo\EWARM\PWMDemo\Obj\main.o
#        C:\Users\jamis\Documents\STM32ProjectFolder\PWMDemo\EWARM\PWMDemo\Obj\startup_stm32f401xe.o
#        C:\Users\jamis\Documents\STM32ProjectFolder\PWMDemo\EWARM\PWMDemo\Obj\stm32f4xx_hal.o
#        C:\Users\jamis\Documents\STM32ProjectFolder\PWMDemo\EWARM\PWMDemo\Obj\stm32f4xx_hal_cortex.o
#        C:\Users\jamis\Documents\STM32ProjectFolder\PWMDemo\EWARM\PWMDemo\Obj\stm32f4xx_hal_dma.o
#        C:\Users\jamis\Documents\STM32ProjectFolder\PWMDemo\EWARM\PWMDemo\Obj\stm32f4xx_hal_dma_ex.o
#        C:\Users\jamis\Documents\STM32ProjectFolder\PWMDemo\EWARM\PWMDemo\Obj\stm32f4xx_hal_exti.o
#        C:\Users\jamis\Documents\STM32ProjectFolder\PWMDemo\EWARM\PWMDemo\Obj\stm32f4xx_hal_flash.o
#        C:\Users\jamis\Documents\STM32ProjectFolder\PWMDemo\EWARM\PWMDemo\Obj\stm32f4xx_hal_flash_ex.o
#        C:\Users\jamis\Documents\STM32ProjectFolder\PWMDemo\EWARM\PWMDemo\Obj\stm32f4xx_hal_flash_ramfunc.o
#        C:\Users\jamis\Documents\STM32ProjectFolder\PWMDemo\EWARM\PWMDemo\Obj\stm32f4xx_hal_gpio.o
#        C:\Users\jamis\Documents\STM32ProjectFolder\PWMDemo\EWARM\PWMDemo\Obj\stm32f4xx_hal_msp.o
#        C:\Users\jamis\Documents\STM32ProjectFolder\PWMDemo\EWARM\PWMDemo\Obj\stm32f4xx_hal_pwr.o
#        C:\Users\jamis\Documents\STM32ProjectFolder\PWMDemo\EWARM\PWMDemo\Obj\stm32f4xx_hal_pwr_ex.o
#        C:\Users\jamis\Documents\STM32ProjectFolder\PWMDemo\EWARM\PWMDemo\Obj\stm32f4xx_hal_rcc.o
#        C:\Users\jamis\Documents\STM32ProjectFolder\PWMDemo\EWARM\PWMDemo\Obj\stm32f4xx_hal_rcc_ex.o
#        C:\Users\jamis\Documents\STM32ProjectFolder\PWMDemo\EWARM\PWMDemo\Obj\stm32f4xx_hal_tim.o
#        C:\Users\jamis\Documents\STM32ProjectFolder\PWMDemo\EWARM\PWMDemo\Obj\stm32f4xx_hal_tim_ex.o
#        C:\Users\jamis\Documents\STM32ProjectFolder\PWMDemo\EWARM\PWMDemo\Obj\stm32f4xx_hal_uart.o
#        C:\Users\jamis\Documents\STM32ProjectFolder\PWMDemo\EWARM\PWMDemo\Obj\stm32f4xx_it.o
#        C:\Users\jamis\Documents\STM32ProjectFolder\PWMDemo\EWARM\PWMDemo\Obj\system_stm32f4xx.o
#        --redirect _Printf=_PrintfFull --redirect _Scanf=_ScanfFull
#        --no_out_extension -o
#        C:\Users\jamis\Documents\STM32ProjectFolder\PWMDemo\EWARM\PWMDemo\Exe\PWMDemo.out
#        --map
#        C:\Users\jamis\Documents\STM32ProjectFolder\PWMDemo\EWARM\PWMDemo\List\PWMDemo.map
#        --config
#        C:\Users\jamis\Documents\STM32ProjectFolder\PWMDemo\EWARM/stm32f401xe_flash.icf
#        --semihosting --entry __iar_program_start --vfe --text_out locale)
#
###############################################################################

*******************************************************************************
*** RUNTIME MODEL ATTRIBUTES
***

CppFlavor       = *
__SystemLibrary = DLib
__dlib_version  = 6


*******************************************************************************
*** HEAP SELECTION
***

The basic heap was selected because some modules are built with
size limitations (and not runtime checking), and --advanced_heap
was not specified.


*******************************************************************************
*** PLACEMENT SUMMARY
***

"A0":  place at address 0x800'0000 { ro section .intvec };
"P1":  place in [from 0x800'0000 to 0x807'ffff] { ro };
define block CSTACK with size = 1K, alignment = 8 { };
define block HEAP with size = 512, alignment = 8 { };
"P2":  place in [from 0x2000'0000 to 0x2001'7fff] {
          rw, block CSTACK, block HEAP };
initialize by copy { rw };

  Section            Kind         Address    Size  Object
  -------            ----         -------    ----  ------
"A0":                                       0x194
  .intvec            ro code   0x800'0000   0x194  startup_stm32f401xe.o [1]
                             - 0x800'0194   0x194

"P1":                                      0x1490
  .text              ro code   0x800'0194   0x3a0  stm32f4xx_hal_tim.o [1]
  .text              ro code   0x800'0534   0x120  stm32f4xx_hal_msp.o [1]
  .text              ro code   0x800'0654   0x1b8  stm32f4xx_hal_gpio.o [1]
  .text              ro code   0x800'080c    0x14  memset.o [4]
  .text              ro code   0x800'0820    0x66  ABImemset.o [4]
  .text              ro code   0x800'0886    0x3a  zero_init3.o [4]
  .text              ro code   0x800'08c0   0x310  stm32f4xx_hal_rcc.o [1]
  .text              ro code   0x800'0bd0     0xc  stm32f4xx_hal.o [1]
  .text              ro code   0x800'0bdc   0x22a  main.o [1]
  .text              ro code   0x800'0e06    0x2e  copy_init3.o [4]
  .text              ro code   0x800'0e34    0x34  stm32f4xx_hal.o [1]
  .text              ro code   0x800'0e68   0x15c  stm32f4xx_hal_uart.o [1]
  .text              ro code   0x800'0fc4    0x78  stm32f4xx_hal_tim_ex.o [1]
  .text              ro code   0x800'103c    0x28  stm32f4xx_hal.o [1]
  .text              ro code   0x800'1064   0x1ac  stm32f4xx_hal_rcc.o [1]
  .text              ro code   0x800'1210    0xac  stm32f4xx_hal_cortex.o [1]
  .text              ro code   0x800'12bc    0x40  stm32f4xx_hal.o [1]
  .text              ro code   0x800'12fc   0x106  I64DivMod_small.o [4]
  .text              ro code   0x800'1404     0x2  I64DivZer.o [4]
  .text              ro code   0x800'1408    0x2c  system_stm32f4xx.o [1]
  .text              ro code   0x800'1434    0x28  data_init.o [4]
  .text              ro code   0x800'145c    0x22  fpinit_M.o [3]
  .iar.init_table    const     0x800'1480    0x24  - Linker created -
  .text              ro code   0x800'14a4    0x1e  cmain.o [4]
  .text              ro code   0x800'14c2     0x4  low_level_init.o [2]
  .text              ro code   0x800'14c6     0x4  exit.o [2]
  .text              ro code   0x800'14cc     0xa  cexit.o [4]
  .text              ro code   0x800'14d8    0x14  exit.o [5]
  .text              ro code   0x800'14ec    0x14  stm32f4xx_it.o [1]
  .text              ro code   0x800'1500    0x10  stm32f4xx_hal.o [1]
  .text              ro code   0x800'1510    0x10  startup_stm32f401xe.o [1]
  Initializer bytes  const     0x800'1520    0x10  <for P2-1>
  .text              ro code   0x800'1530     0xc  cstartup_M.o [4]
  .rodata            const     0x800'153c     0x8  system_stm32f4xx.o [1]
  .text              ro code   0x800'1544     0x4  startup_stm32f401xe.o [1]
  .text              ro code   0x800'1548     0x4  startup_stm32f401xe.o [1]
  .text              ro code   0x800'154c     0x4  startup_stm32f401xe.o [1]
  .text              ro code   0x800'1550     0x4  startup_stm32f401xe.o [1]
  .text              ro code   0x800'1554     0x4  startup_stm32f401xe.o [1]
  .text              ro code   0x800'1558     0x4  startup_stm32f401xe.o [1]
  .text              ro code   0x800'155c     0x4  startup_stm32f401xe.o [1]
  .text              ro code   0x800'1560     0x4  startup_stm32f401xe.o [1]
  .text              ro code   0x800'1564     0x4  startup_stm32f401xe.o [1]
  .text              ro code   0x800'1568     0x4  startup_stm32f401xe.o [1]
  .text              ro code   0x800'156c     0x4  startup_stm32f401xe.o [1]
  .text              ro code   0x800'1570     0x4  startup_stm32f401xe.o [1]
  .text              ro code   0x800'1574     0x4  startup_stm32f401xe.o [1]
  .text              ro code   0x800'1578     0x4  startup_stm32f401xe.o [1]
  .text              ro code   0x800'157c     0x4  startup_stm32f401xe.o [1]
  .text              ro code   0x800'1580     0x4  startup_stm32f401xe.o [1]
  .text              ro code   0x800'1584     0x4  startup_stm32f401xe.o [1]
  .text              ro code   0x800'1588     0x4  startup_stm32f401xe.o [1]
  .text              ro code   0x800'158c     0x4  startup_stm32f401xe.o [1]
  .text              ro code   0x800'1590     0x4  startup_stm32f401xe.o [1]
  .text              ro code   0x800'1594     0x4  startup_stm32f401xe.o [1]
  .text              ro code   0x800'1598     0x4  startup_stm32f401xe.o [1]
  .text              ro code   0x800'159c     0x4  startup_stm32f401xe.o [1]
  .text              ro code   0x800'15a0     0x4  startup_stm32f401xe.o [1]
  .text              ro code   0x800'15a4     0x4  startup_stm32f401xe.o [1]
  .text              ro code   0x800'15a8     0x4  startup_stm32f401xe.o [1]
  .text              ro code   0x800'15ac     0x4  startup_stm32f401xe.o [1]
  .text              ro code   0x800'15b0     0x4  startup_stm32f401xe.o [1]
  .text              ro code   0x800'15b4     0x4  startup_stm32f401xe.o [1]
  .text              ro code   0x800'15b8     0x4  startup_stm32f401xe.o [1]
  .text              ro code   0x800'15bc     0x4  startup_stm32f401xe.o [1]
  .text              ro code   0x800'15c0     0x4  startup_stm32f401xe.o [1]
  .text              ro code   0x800'15c4     0x4  startup_stm32f401xe.o [1]
  .text              ro code   0x800'15c8     0x4  startup_stm32f401xe.o [1]
  .text              ro code   0x800'15cc     0x4  startup_stm32f401xe.o [1]
  .text              ro code   0x800'15d0     0x4  startup_stm32f401xe.o [1]
  .text              ro code   0x800'15d4     0x4  startup_stm32f401xe.o [1]
  .text              ro code   0x800'15d8     0x4  startup_stm32f401xe.o [1]
  .text              ro code   0x800'15dc     0x4  startup_stm32f401xe.o [1]
  .text              ro code   0x800'15e0     0x4  startup_stm32f401xe.o [1]
  .text              ro code   0x800'15e4     0x4  startup_stm32f401xe.o [1]
  .text              ro code   0x800'15e8     0x4  startup_stm32f401xe.o [1]
  .text              ro code   0x800'15ec     0x4  startup_stm32f401xe.o [1]
  .text              ro code   0x800'15f0     0x4  startup_stm32f401xe.o [1]
  .text              ro code   0x800'15f4     0x4  startup_stm32f401xe.o [1]
  .text              ro code   0x800'15f8     0x4  startup_stm32f401xe.o [1]
  .text              ro code   0x800'15fc     0x4  startup_stm32f401xe.o [1]
  .text              ro code   0x800'1600     0x4  startup_stm32f401xe.o [1]
  .text              ro code   0x800'1604     0x4  startup_stm32f401xe.o [1]
  .text              ro code   0x800'1608     0x4  startup_stm32f401xe.o [1]
  .text              ro code   0x800'160c     0x4  startup_stm32f401xe.o [1]
  .text              ro code   0x800'1610     0x4  startup_stm32f401xe.o [1]
  .text              ro code   0x800'1614     0x4  startup_stm32f401xe.o [1]
  .text              ro code   0x800'1618     0x4  startup_stm32f401xe.o [1]
  .text              ro code   0x800'161c     0x4  startup_stm32f401xe.o [1]
  .text              ro code   0x800'1620     0x4  startup_stm32f401xe.o [1]
  .rodata            const     0x800'1624     0x0  zero_init3.o [4]
  .rodata            const     0x800'1624     0x0  copy_init3.o [4]
                             - 0x800'1624  0x1490

"P2", part 1 of 3:                           0x10
  P2-1                        0x2000'0000    0x10  <Init block>
    .data            inited   0x2000'0000     0xc  stm32f4xx_hal.o [1]
    .data            inited   0x2000'000c     0x4  system_stm32f4xx.o [1]
                            - 0x2000'0010    0x10

"P2", part 2 of 3:                           0x80
  .bss               zero     0x2000'0010    0x40  main.o [1]
  .bss               zero     0x2000'0050    0x40  main.o [1]
                            - 0x2000'0090    0x80

"P2", part 3 of 3:                          0x400
  CSTACK                      0x2000'0090   0x400  <Block>
    CSTACK           uninit   0x2000'0090   0x400  <Block tail>
                            - 0x2000'0490   0x400

Unused ranges:

         From           To      Size
         ----           --      ----
   0x800'1624   0x807'ffff  0x7'e9dc
  0x2000'0490  0x2001'7fff  0x1'7b70


*******************************************************************************
*** INIT TABLE
***

          Address      Size
          -------      ----
Zero (__iar_zero_init3)
    1 destination range, total size 0x80:
          0x2000'0010  0x80

Copy (__iar_copy_init3)
    1 source range, total size 0x10:
           0x800'1520  0x10
    1 destination range, total size 0x10:
          0x2000'0000  0x10



*******************************************************************************
*** MODULE SUMMARY
***

    Module                  ro code  ro data  rw data
    ------                  -------  -------  -------
command line/config:
    -------------------------------------------------
    Total:

C:\Users\jamis\Documents\STM32ProjectFolder\PWMDemo\EWARM\PWMDemo\Obj: [1]
    main.o                      554               128
    startup_stm32f401xe.o       644
    stm32f4xx_hal.o             184       12       12
    stm32f4xx_hal_cortex.o      172
    stm32f4xx_hal_gpio.o        440
    stm32f4xx_hal_msp.o         288
    stm32f4xx_hal_rcc.o       1'212
    stm32f4xx_hal_tim.o         928
    stm32f4xx_hal_tim_ex.o      120
    stm32f4xx_hal_uart.o        348
    stm32f4xx_it.o               20
    system_stm32f4xx.o           44       12        4
    -------------------------------------------------
    Total:                    4'954       24      144

dl7M_tln.a: [2]
    exit.o                        4
    low_level_init.o              4
    -------------------------------------------------
    Total:                        8

m7M_tls.a: [3]
    fpinit_M.o                   34
    -------------------------------------------------
    Total:                       34

rt7M_tl.a: [4]
    ABImemset.o                 102
    I64DivMod_small.o           262
    I64DivZer.o                   2
    cexit.o                      10
    cmain.o                      30
    copy_init3.o                 46
    cstartup_M.o                 12
    data_init.o                  40
    memset.o                     20
    zero_init3.o                 58
    -------------------------------------------------
    Total:                      582

shb_l.a: [5]
    exit.o                       20
    -------------------------------------------------
    Total:                       20

    Gaps                          8        2
    Linker created                        36    1'024
-----------------------------------------------------
    Grand Total:              5'606       62    1'168


*******************************************************************************
*** ENTRY LIST
***

Entry                       Address   Size  Type      Object
-----                       -------   ----  ----      ------
.iar.init_table$$Base    0x800'1480          --   Gb  - Linker created -
.iar.init_table$$Limit   0x800'14a4          --   Gb  - Linker created -
?main                    0x800'14a5         Code  Gb  cmain.o [4]
AHBPrescTable            0x800'1424   0x10  Data  Gb  system_stm32f4xx.o [1]
APBPrescTable            0x800'153c    0x8  Data  Gb  system_stm32f4xx.o [1]
BusFault_Handler         0x800'14f3    0x2  Code  Gb  stm32f4xx_it.o [1]
CSTACK$$Base            0x2000'0090          --   Gb  - Linker created -
CSTACK$$Limit           0x2000'0490          --   Gb  - Linker created -
DebugMon_Handler         0x800'14f9    0x2  Code  Gb  stm32f4xx_it.o [1]
HAL_Delay                0x800'103d   0x28  Code  Wk  stm32f4xx_hal.o [1]
HAL_GPIO_Init            0x800'0655  0x190  Code  Gb  stm32f4xx_hal_gpio.o [1]
HAL_GPIO_WritePin        0x800'07e5    0x8  Code  Gb  stm32f4xx_hal_gpio.o [1]
HAL_GetTick              0x800'0bd1    0xc  Code  Wk  stm32f4xx_hal.o [1]
HAL_IncTick              0x800'1501   0x10  Code  Wk  stm32f4xx_hal.o [1]
HAL_Init                 0x800'0e35   0x30  Code  Gb  stm32f4xx_hal.o [1]
HAL_InitTick             0x800'12bd   0x40  Code  Wk  stm32f4xx_hal.o [1]
HAL_MspInit              0x800'0535   0x34  Code  Gb  stm32f4xx_hal_msp.o [1]
HAL_NVIC_SetPriority     0x800'1245   0x3a  Code  Gb  stm32f4xx_hal_cortex.o [1]
HAL_NVIC_SetPriorityGrouping
                         0x800'122b   0x1a  Code  Gb  stm32f4xx_hal_cortex.o [1]
HAL_RCC_ClockConfig      0x800'1065  0x100  Code  Gb  stm32f4xx_hal_rcc.o [1]
HAL_RCC_GetPCLK1Freq     0x800'1171   0x10  Code  Gb  stm32f4xx_hal_rcc.o [1]
HAL_RCC_GetPCLK2Freq     0x800'1181    0xe  Code  Gb  stm32f4xx_hal_rcc.o [1]
HAL_RCC_OscConfig        0x800'08c1  0x310  Code  Wk  stm32f4xx_hal_rcc.o [1]
HAL_SYSTICK_Config       0x800'127f   0x28  Code  Gb  stm32f4xx_hal_cortex.o [1]
HAL_TIMEx_MasterConfigSynchronization
                         0x800'0fc5   0x62  Code  Gb  stm32f4xx_hal_tim_ex.o [1]
HAL_TIM_MspPostInit      0x800'058f   0x40  Code  Gb  stm32f4xx_hal_msp.o [1]
HAL_TIM_PWM_ConfigChannel
                         0x800'0261   0xbc  Code  Gb  stm32f4xx_hal_tim.o [1]
HAL_TIM_PWM_Init         0x800'01a9   0x1a  Code  Gb  stm32f4xx_hal_tim.o [1]
HAL_TIM_PWM_MspInit      0x800'0569   0x26  Code  Gb  stm32f4xx_hal_msp.o [1]
HAL_TIM_PWM_Start        0x800'01c3    0x8  Code  Gb  stm32f4xx_hal_tim.o [1]
HAL_UART_Init            0x800'0e69   0x1e  Code  Gb  stm32f4xx_hal_uart.o [1]
HAL_UART_MspInit         0x800'05cf   0x54  Code  Gb  stm32f4xx_hal_msp.o [1]
HardFault_Handler        0x800'14ef    0x2  Code  Gb  stm32f4xx_it.o [1]
MemManage_Handler        0x800'14f1    0x2  Code  Gb  stm32f4xx_it.o [1]
NMI_Handler              0x800'14ed    0x2  Code  Gb  stm32f4xx_it.o [1]
PendSV_Handler           0x800'14fb    0x2  Code  Gb  stm32f4xx_it.o [1]
Region$$Table$$Base      0x800'1480          --   Gb  - Linker created -
Region$$Table$$Limit     0x800'14a4          --   Gb  - Linker created -
SVC_Handler              0x800'14f7    0x2  Code  Gb  stm32f4xx_it.o [1]
SysTick_Handler          0x800'14fd    0x4  Code  Gb  stm32f4xx_it.o [1]
SystemClock_Config       0x800'0d41   0x92  Code  Gb  main.o [1]
SystemCoreClock         0x2000'000c    0x4  Data  Gb  system_stm32f4xx.o [1]
SystemInit               0x800'1409   0x14  Code  Gb  system_stm32f4xx.o [1]
TIM_Base_SetConfig       0x800'0351   0x7a  Code  Gb  stm32f4xx_hal_tim.o [1]
TIM_CCxChannelCmd        0x800'0519   0x16  Code  Gb  stm32f4xx_hal_tim.o [1]
TIM_OC1_SetConfig        0x800'03cb   0x4a  Code  Lc  stm32f4xx_hal_tim.o [1]
TIM_OC2_SetConfig        0x800'0415   0x52  Code  Gb  stm32f4xx_hal_tim.o [1]
TIM_OC3_SetConfig        0x800'0467   0x50  Code  Lc  stm32f4xx_hal_tim.o [1]
TIM_OC4_SetConfig        0x800'04b7   0x40  Code  Lc  stm32f4xx_hal_tim.o [1]
UART_SetConfig           0x800'0edf   0xca  Code  Lc  stm32f4xx_hal_uart.o [1]
UsageFault_Handler       0x800'14f5    0x2  Code  Gb  stm32f4xx_it.o [1]
__NVIC_SetPriority       0x800'1211   0x1a  Code  Lc  stm32f4xx_hal_cortex.o [1]
__aeabi_ldiv0            0x800'1405         Code  Gb  I64DivZer.o [4]
__aeabi_memset           0x800'0821         Code  Gb  ABImemset.o [4]
__cmain                  0x800'14a5         Code  Gb  cmain.o [4]
__exit                   0x800'14d9   0x14  Code  Gb  exit.o [5]
__iar_Memset             0x800'0821         Code  Gb  ABImemset.o [4]
__iar_Memset_word        0x800'0829         Code  Gb  ABImemset.o [4]
__iar_copy_init3         0x800'0e07   0x2e  Code  Gb  copy_init3.o [4]
__iar_data_init3         0x800'1435   0x28  Code  Gb  data_init.o [4]
__iar_init_vfp           0x800'145d         Code  Gb  fpinit_M.o [3]
__iar_program_start      0x800'1531         Code  Gb  cstartup_M.o [4]
__iar_small_uldivmod     0x800'12fd         Code  Gb  I64DivMod_small.o [4]
__iar_zero_init3         0x800'0887   0x3a  Code  Gb  zero_init3.o [4]
__low_level_init         0x800'14c3    0x4  Code  Gb  low_level_init.o [2]
__vector_table           0x800'0000         Data  Gb  startup_stm32f401xe.o [1]
_call_main               0x800'14b1         Code  Gb  cmain.o [4]
_exit                    0x800'14cd         Code  Gb  cexit.o [4]
_main                    0x800'14bf         Code  Gb  cmain.o [4]
exit                     0x800'14c7    0x4  Code  Gb  exit.o [2]
htim4                   0x2000'0010   0x40  Data  Gb  main.o [1]
huart2                  0x2000'0050   0x40  Data  Gb  main.o [1]
main                     0x800'0c03  0x13e  Code  Gb  main.o [1]
memset                   0x800'080d   0x14  Code  Gb  memset.o [4]
user_pwm_setvalue        0x800'0bdd   0x26  Code  Gb  main.o [1]
uwTick                  0x2000'0004    0x4  Data  Gb  stm32f4xx_hal.o [1]
uwTickFreq              0x2000'0000    0x1  Data  Gb  stm32f4xx_hal.o [1]
uwTickPrio              0x2000'0008    0x4  Data  Gb  stm32f4xx_hal.o [1]


[1] = C:\Users\jamis\Documents\STM32ProjectFolder\PWMDemo\EWARM\PWMDemo\Obj
[2] = dl7M_tln.a
[3] = m7M_tls.a
[4] = rt7M_tl.a
[5] = shb_l.a

  5'606 bytes of readonly  code memory
     62 bytes of readonly  data memory
  1'168 bytes of readwrite data memory

Errors: none
Warnings: none
